1a
1b
2a
2b
Test 2 pass
Test 3 pass
Test 4 pass
Test 5 pass
Test 6 pass
